0a1,3
> Match
> Match
> Match
4,6d6
< No match
< No match
< Match
