No match
Match
No match
No match
No match
No match
